
> test
> node --test test/*.test.mjs

✔ adds non-empty todos and counts remaining items (0.6478ms)
✔ toggles and removes todos (0.1421ms)
✔ persists todos through storage adapter (0.623ms)
ℹ tests 3
ℹ suites 0
ℹ pass 3
ℹ fail 0
ℹ cancelled 0
ℹ skipped 0
ℹ todo 0
ℹ duration_ms 63.9698
